  Determining projects to restore...
  All projects are up-to-date for restore.
C:\Dev\FileOrganizer\FileOrganizer\MainWindow.xaml(193,70): error MC4011: TargetName property cannot be set on a Style Setter. Line 193 Position 70. [C:\Dev\FileOrganizer\FileOrganizer\FileOrganizer.csproj]

Build FAILED.

C:\Dev\FileOrganizer\FileOrganizer\MainWindow.xaml(193,70): error MC4011: TargetName property cannot be set on a Style Setter. Line 193 Position 70. [C:\Dev\FileOrganizer\FileOrganizer\FileOrganizer.csproj]
    0 Warning(s)
    1 Error(s)

Time Elapsed 00:00:00.62
